// Jest Snapshot v1, https://goo.gl/fbAQLP

exports[`Modal component should render the modal wrapper 1`] = `
<Modal
  onClose={[Function]}
>
  <div>
    ReactDOM.createPortal(
    <Backdrop
      onClose={[Function]}
    >
      <div
        className="backdrop"
        onClick={[Function]}
      />
    </Backdrop>
    , portalElement)
  </div>
  <div>
    ReactDOM.createPortal(
    <ModalOverlay>
      <div
        className="modal"
      >
        <div
          className="content"
        />
      </div>
    </ModalOverlay>
    ,portalElement )
  </div>
</Modal>
`;
