// Jest Snapshot v1, https://goo.gl/fbAQLP

exports[`Food Order app testing render state in the cart 1`] = `
<Header
  onClick="{showCartHandler}"
>
  <header
    className="header"
  >
    <h1>
      Meals
    </h1>
    <MockedHeaderCartButton />
  </header>
  <div
    className="main-image"
  >
    <img
      alt="A table full of delicious food!"
      src=""
    />
  </div>
</Header>
`;
