// Jest Snapshot v1, https://goo.gl/fbAQLP

exports[`Food Order app testing render the childrens of the props 1`] = `
<Card>
  <div
    className="card"
  />
</Card>
`;
