// Jest Snapshot v1, https://goo.gl/fbAQLP

exports[`Food Order aap testing renders a snapshot 1`] = `ReactWrapper {}`;
